Microchip MPLAB XC8 Compiler V2.45

Linker command line:

-W-3 \
  --edf=C:\Program Files\Microchip\xc8\v2.45\pic\dat\20230818022343_en.msgs \
  -cn -h+dist/default/debug\controle_motor.debug.sym \
  --cmf=dist/default/debug\controle_motor.debug.cmf -z -Q18F4620 \
  -oC:\Users\Youssef\AppData\Local\Temp\xcBsav4.1\driver_tmp_3.o \
  --defsym=__MPLAB_BUILD=1 --fixupoverflow=error \
  -Mdist/default/debug/controle_motor.debug.map \
  --md=C:\Users\Youssef\AppData\Local\Temp\xcBsav4.1\driver_tmp_0.dat -E1 \
  -ver=XC8 Compiler --acfsm=1493 -ACODE=00h-0FFFFh -ACONST=00h-0FFFFh \
  -ASMALLCONST=01000h-010FFhx240 -AMEDIUMCONST=01000h-0FFFFh \
  -ACOMRAM=01h-07Fh -AABS1=00h-0F7Fh -ABIGRAM=01h-0F7Fh \
  -ARAM=080h-0FFh,0100h-01FFhx14,0F00h-0F7Fh -ABANK0=080h-0FFh \
  -ABANK1=0100h-01FFh -ABANK2=0200h-02FFh -ABANK3=0300h-03FFh \
  -ABANK4=0400h-04FFh -ABANK5=0500h-05FFh -ABANK6=0600h-06FFh \
  -ABANK7=0700h-07FFh -ABANK8=0800h-08FFh -ABANK9=0900h-09FFh \
  -ABANK10=0A00h-0AFFh -ABANK11=0B00h-0BFFh -ABANK12=0C00h-0CFFh \
  -ABANK13=0D00h-0DFFh -ABANK14=0E00h-0EFFh -ABANK15=0F00h-0F7Fh \
  -ASFR=0F80h-0FFFh -ABIGSFR=0F80h-0FFFh -ACONFIG=0300000h-030000Dh \
  -AIDLOC=0200000h-0200007h -AEEDATA=0F00000h-0F003FFh -peeprom_data=EEDATA \
  -preset_vec=00h,intcode=08h,intcodelo,powerup,init -pramtop=01000h \
  -psmallconst=SMALLCONST -pmediumconst=MEDIUMCONST -pconst=CONST \
  -AFARRAM=00h-00h \
  -prdata=COMRAM,nvrram=COMRAM,nvbit=COMRAM,rbss=COMRAM,rbit=COMRAM \
  -pfarbss=FARRAM,fardata=FARRAM,nvFARRAM=FARRAM \
  -pintsave_regs=BIGRAM,bigbss=BIGRAM,bigdata=BIGRAM -pbss=RAM \
  -pidata=CODE,irdata=CODE,ibigdata=CODE,ifardata=CODE -prparam=COMRAM \
  C:\Users\Youssef\AppData\Local\Temp\xcBsav4.1\driver_tmp_14.o \
  dist/default/debug\controle_motor.debug.o 

Object code version is 3.11

Machine type is 18F4620



                Name                               Link     Load   Length Selector   Space Scale
C:\Users\Youssef\AppData\Local\Temp\xcBsav4.1\driver_tmp_14.o
                config                           300000   300000        E        0       4
                init                                  E        E        4        4       0
                reset_vec                             0        0        4        0       0
dist/default/debug\controle_motor.debug.o
                intcode                               8        8        6        4       0
                config                           300000   300000        E        0       4
                temp                                 6E       6E        1        1       1
                smallconst                         1000     1000       C0      800       0
                text61                             3224     3224        4     1573       0
                text60                             262E     262E       82      860       0
                text59                             2C90     2C90       66     1573       0
                text58                             321A     321A        A     1573       0
                text57                             3234     3234        2     1573       0
                text56                             3232     3232        2     1573       0
                text55                             3156     3156       2E     1573       0
                text54                             3128     3128       2E     1573       0
                text53                             30FA     30FA       2E     1573       0
                text52                             1E24     1E24      106      860       0
                text51                             2BBE     2BBE       6A     1573       0
                text50                             2B54     2B54       6A     1573       0
                text49                             3210     3210        A     1573       0
                text48                             3230     3230        2     1573       0
                text47                             322E     322E        2     1573       0
                text46                             3206     3206        A     1573       0
                text45                             31FC     31FC        A     1573       0
                text44                             322C     322C        2     1573       0
                text43                             322A     322A        2     1573       0
                text42                             31F2     31F2        A     1573       0
                text41                             282A     282A       7E      860       0
                text40                             27AC     27AC       7E      860       0
                text39                             272E     272E       7E      860       0
                text38                             26B0     26B0       7E      860       0
                intcode_body                       1734     1734      2D6      860       0
                text36                             31AE     31AE       26     1573       0
                text35                             30CA     30CA       30     1573       0
                text34                             20FC     20FC       C4      860       0
                text33                             232A     232A       B0      860       0
                text32                             3096     3096       34     1573       0
                text31                             3228     3228        2     1573       0
                text30                             21C0     21C0       BA      860       0
                text29                             1A0A     1A0A      1E4      860       0
                text28                             2EB0     2EB0       48     1573       0
                text27                             2EF8     2EF8       44     1573       0
                text26                             2E0C     2E0C       54     1573       0
                text25                             2E60     2E60       50     1573       0
                text24                             1D14     1D14      110      860       0
                text23                             2FF2     2FF2       3C     1573       0
                text22                             2FB6     2FB6       3C     1573       0
                text21                             25A2     25A2       8C      860       0
                text20                             3062     3062       34     1573       0
                text19                             2F7A     2F7A       3C     1573       0
                text18                             1BEE     1BEE      126      860       0
                text17                             302E     302E       34     1573       0
                text16                             2A02     2A02       72      860       0
                text15                             2C28     2C28       68     1573       0
                text14                             2F3C     2F3C       3E     1573       0
                text13                             2990     2990       72      860       0
                text12                             2DB0     2DB0       5C     1573       0
                text11                             2016     2016       E6      860       0
                text10                             2AE6     2AE6       6E     1573       0
                text9                              3184     3184       2A     1573       0
                text8                              23DA     23DA       A4      860       0
                text7                              1F2A     1F2A       EC      860       0
                text6                              2D54     2D54       5C     1573       0
                text5                              227A     227A       B0      860       0
                text4                              247E     247E       96      860       0
                text3                              291C     291C       74      860       0
                text2                              28A8     28A8       74      860       0
                text1                              2CF6     2CF6       5E     1573       0
                text0                              10C0     10C0      674      860       0
                cstackCOMRAM                          1        1       30        1       1
                cstackBANK0                          FD       FD        3       80       1
                cstackBANK1                         120      120       14      100       1
                dataBANK1                           134      134        A      100       1
                bssBANK1                            100      100       20      100       1
                dataBANK0                            80       80       71       80       1
                bssBANK0                             F1       F1        C       80       1
                dataCOMRAM                           5A       5A       14        1       1
                bssCOMRAM                            31       31       29        1       1
                cinit                              2514     2514       8E      860       0
                idataBANK1                         31E8     31E8        A     1573       0
                idataBANK0                         2A74     2A74       71      860       0
                idataCOMRAM                        31D4     31D4       14     1573       0

TOTAL           Name                               Link     Load   Length     Space
        CLASS   CODE           
                intcode                               8        8        6         0
                init                                  E        E        4         0
                reset_vec                             0        0        4         0
                text61                             3224     3224        4         0
                text60                             262E     262E       82         0
                text59                             2C90     2C90       66         0
                text58                             321A     321A        A         0
                text57                             3234     3234        2         0
                text56                             3232     3232        2         0
                text55                             3156     3156       2E         0
                text54                             3128     3128       2E         0
                text53                             30FA     30FA       2E         0
                text52                             1E24     1E24      106         0
                text51                             2BBE     2BBE       6A         0
                text50                             2B54     2B54       6A         0
                text49                             3210     3210        A         0
                text48                             3230     3230        2         0
                text47                             322E     322E        2         0
                text46                             3206     3206        A         0
                text45                             31FC     31FC        A         0
                text44                             322C     322C        2         0
                text43                             322A     322A        2         0
                text42                             31F2     31F2        A         0
                text41                             282A     282A       7E         0
                text40                             27AC     27AC       7E         0
                text39                             272E     272E       7E         0
                text38                             26B0     26B0       7E         0
                intcode_body                       1734     1734      2D6         0
                text36                             31AE     31AE       26         0
                text35                             30CA     30CA       30         0
                text34                             20FC     20FC       C4         0
                text33                             232A     232A       B0         0
                text32                             3096     3096       34         0
                text31                             3228     3228        2         0
                text30                             21C0     21C0       BA         0
                text29                             1A0A     1A0A      1E4         0
                text28                             2EB0     2EB0       48         0
                text27                             2EF8     2EF8       44         0
                text26                             2E0C     2E0C       54         0
                text25                             2E60     2E60       50         0
                text24                             1D14     1D14      110         0
                text23                             2FF2     2FF2       3C         0
                text22                             2FB6     2FB6       3C         0
                text21                             25A2     25A2       8C         0
                text20                             3062     3062       34         0
                text19                             2F7A     2F7A       3C         0
                text18                             1BEE     1BEE      126         0
                text17                             302E     302E       34         0
                text16                             2A02     2A02       72         0
                text15                             2C28     2C28       68         0
                text14                             2F3C     2F3C       3E         0
                text13                             2990     2990       72         0
                text12                             2DB0     2DB0       5C         0
                text11                             2016     2016       E6         0
                text10                             2AE6     2AE6       6E         0
                text9                              3184     3184       2A         0
                text8                              23DA     23DA       A4         0
                text7                              1F2A     1F2A       EC         0
                text6                              2D54     2D54       5C         0
                text5                              227A     227A       B0         0
                text4                              247E     247E       96         0
                text3                              291C     291C       74         0
                text2                              28A8     28A8       74         0
                text1                              2CF6     2CF6       5E         0
                text0                              10C0     10C0      674         0
                cinit                              2514     2514       8E         0
                idataBANK1                         31E8     31E8        A         0
                idataBANK0                         2A74     2A74       71         0
                idataCOMRAM                        31D4     31D4       14         0

        CLASS   CONST          

        CLASS   SMALLCONST     
                smallconst                         1000     1000       C0         0

        CLASS   MEDIUMCONST    

        CLASS   COMRAM         
                temp                                 6E       6E        1         1
                cstackCOMRAM                          1        1       30         1
                dataCOMRAM                           5A       5A       14         1
                bssCOMRAM                            31       31       29         1

        CLASS   ABS1           

        CLASS   BIGRAM         

        CLASS   RAM            

        CLASS   BANK0          
                cstackBANK0                          FD       FD        3         1
                dataBANK0                            80       80       71         1
                bssBANK0                             F1       F1        C         1

        CLASS   BANK1          
                cstackBANK1                         120      120       14         1
                dataBANK1                           134      134        A         1
                bssBANK1                            100      100       20         1

        CLASS   BANK2          

        CLASS   BANK3          

        CLASS   BANK4          

        CLASS   BANK5          

        CLASS   BANK6          

        CLASS   BANK7          

        CLASS   BANK8          

        CLASS   BANK9          

        CLASS   BANK10         

        CLASS   BANK11         

        CLASS   BANK12         

        CLASS   BANK13         

        CLASS   BANK14         

        CLASS   BANK15         

        CLASS   SFR            

        CLASS   BIGSFR         

        CLASS   CONFIG         
                config                           300000   300000        E         4

        CLASS   IDLOC          

        CLASS   EEDATA         

        CLASS   FARRAM         

        CLASS   HEAP           

        CLASS   STACK          



SEGMENTS        Name                           Load    Length   Top    Selector   Space  Class

                reset_vec                      000000  000004  000004         0       0  CODE    
                cstackCOMRAM                   000001  00006E  00006F         1       1  COMRAM  
                intcode                        000008  00000A  000012         4       0  CODE    
                dataBANK0                      000080  000080  000100        80       1  BANK0   
                bssBANK1                       000100  00003E  00013E       100       1  BANK1   
                smallconst                     001000  0000C0  0010C0       800       0  SMALLCON
                text0                          0010C0  001A25  002AE5       860       0  CODE    
                text10                         002AE6  000750  003236      1573       0  CODE    


UNUSED ADDRESS RANGES

        Name                Unused          Largest block    Delta
        BANK1            00013E-0001FF               C2
        BANK10           000A00-000AFF              100
        BANK11           000B00-000BFF              100
        BANK12           000C00-000CFF              100
        BANK13           000D00-000DFF              100
        BANK14           000E00-000EFF              100
        BANK15           000F00-000F7F               80
        BANK2            000200-0002FF              100
        BANK3            000300-0003FF              100
        BANK4            000400-0004FF              100
        BANK5            000500-0005FF              100
        BANK6            000600-0006FF              100
        BANK7            000700-0007FF              100
        BANK8            000800-0008FF              100
        BANK9            000900-0009FF              100
        BIGRAM           00006F-00007F               11
                         00013E-000F7F              E42
        BIGSFR           000F80-000FFF               80
        CODE             000004-000007                4
                         000012-000FFF              FEE
                         002AE5-002AE5                1
                         003236-00FFFF             CDCA
        COMRAM           00006F-00007F               11
        CONST            000004-000007                4
                         000012-000FFF              FEE
                         002AE5-002AE5                1
                         003236-00FFFF             CDCA
        EEDATA           F00000-F003FF              400
        IDLOC            200000-200007                8
        MEDIUMCONST      002AE5-002AE5                1
                         003236-00FFFF             CDCA
        RAM              00013E-000F7F              100
        SFR              000F80-000FFF               80
        SMALLCONST       002AE5-002AE5                1
                         003236-00FFFF              100

                                  Symbol Table

?___awdiv                                cstackCOMRAM 000012
?___awmod                                cstackCOMRAM 000012
?___wmul                                 cstackCOMRAM 000012
?_abs                                    cstackCOMRAM 000018
?_sprintf                                cstackBANK1  000120
?_strcmp                                 cstackCOMRAM 000012
?_vfprintf                               cstackCOMRAM 00002A
RB4_ISR@RB4_source                       cstackCOMRAM 00000B
RB5_ISR@RB5_source                       cstackCOMRAM 00000B
RB6_ISR@RB6_source                       cstackCOMRAM 00000B
RB7_ISR@RB7_source                       cstackCOMRAM 00000B
_ADCON0bits                              (abs)        000FC2
_ADCON1bits                              (abs)        000FC1
_ADCON2bits                              (abs)        000FC0
_ADC_INTERRUPT_HANDLER                   bssCOMRAM    00004D
_ADC_ISR                                 text61       003224
_ADRESH                                  (abs)        000FC4
_ADRESL                                  (abs)        000FC3
_EEADR                                   (abs)        000FA9
_EEADRH                                  (abs)        000FAA
_EECON1bits                              (abs)        000FA6
_EECON2                                  (abs)        000FA7
_EEDATA                                  (abs)        000FA8
_INT0_APP_ISR                            text57       003234
_INT0_ISR                                text55       003156
_INT1_APP_ISR                            text56       003232
_INT1_ISR                                text54       003128
_INT2_APP_ISR                            text58       00321A
_INT2_ISR                                text53       0030FA
_INTCON2bits                             (abs)        000FF1
_INTCON3bits                             (abs)        000FF0
_INTCONbits                              (abs)        000FF2
_INTERRUPT_MANGER_                       intcode      000008
_Interrupt_handler_INT0                  bssCOMRAM    00004B
_Interrupt_handler_INT1                  bssCOMRAM    000049
_Interrupt_handler_INT2                  bssCOMRAM    000047
_Interrupt_handler_RB4_HIGH              bssCOMRAM    000045
_Interrupt_handler_RB4_LOW               bssCOMRAM    00003D
_Interrupt_handler_RB5_HIGH              bssCOMRAM    000043
_Interrupt_handler_RB5_LOW               bssCOMRAM    00003B
_Interrupt_handler_RB6_HIGH              bssCOMRAM    000041
_Interrupt_handler_RB6_LOW               bssCOMRAM    000039
_Interrupt_handler_RB7_HIGH              bssCOMRAM    00003F
_Interrupt_handler_RB7_LOW               bssCOMRAM    000037
_KeyPad1                                 dataBANK0    0000E3
_LATA                                    (abs)        000F89
_LATB                                    (abs)        000F8A
_LATC                                    (abs)        000F8B
_LATD                                    (abs)        000F8C
_LATE                                    (abs)        000F8D
_PIE1bits                                (abs)        000F9D
_PIR1bits                                (abs)        000F9E
_PORTA                                   (abs)        000F80
_PORTB                                   (abs)        000F81
_PORTBbits                               (abs)        000F81
_PORTC                                   (abs)        000F82
_PORTD                                   (abs)        000F83
_RB4_Flag                                dataCOMRAM   000061
_RB4_HIGH_Int_APP_ISR                    text48       003230
_RB4_ISR                                 text41       00282A
_RB4_LOW_Int_APP_ISR                     text44       00322C
_RB5_Flag                                dataCOMRAM   000060
_RB5_HIGH_Int_APP_ISR                    text47       00322E
_RB5_ISR                                 text40       0027AC
_RB5_LOW_Int_APP_ISR                     text43       00322A
_RB6_Flag                                dataCOMRAM   00005F
_RB6_HIGH_Int_APP_ISR                    text46       003206
_RB6_ISR                                 text39       00272E
_RB6_LOW_Int_APP_ISR                     text42       0031F2
_RB7_Flag                                dataCOMRAM   00005E
_RB7_HIGH_Int_APP_ISR                    text49       003210
_RB7_ISR                                 text38       0026B0
_RB7_LOW_Int_APP_ISR                     text45       0031FC
_TRISA                                   (abs)        000F92
_TRISB                                   (abs)        000F93
_TRISC                                   (abs)        000F94
_TRISD                                   (abs)        000F95
_TRISE                                   (abs)        000F96
_YourPass                                bssBANK0     0000F1
__HRAM                                   (abs)        000000
__H__absolute__                          __absolute__ 000000
__Habs1                                  abs1         000000
__Hbank0                                 bank0        000000
__Hbank1                                 bank1        000000
__Hbank10                                bank10       000000
__Hbank11                                bank11       000000
__Hbank12                                bank12       000000
__Hbank13                                bank13       000000
__Hbank14                                bank14       000000
__Hbank15                                bank15       000000
__Hbank2                                 bank2        000000
__Hbank3                                 bank3        000000
__Hbank4                                 bank4        000000
__Hbank5                                 bank5        000000
__Hbank6                                 bank6        000000
__Hbank7                                 bank7        000000
__Hbank8                                 bank8        000000
__Hbank9                                 bank9        000000
__Hbigbss                                bigbss       000000
__Hbigdata                               bigdata      000000
__Hbigram                                bigram       000000
__Hbigsfr                                bigsfr       000000
__Hbss                                   bss          000000
__HbssBANK0                              bssBANK0     000000
__HbssBANK1                              bssBANK1     000000
__HbssCOMRAM                             bssCOMRAM    000000
__Hcinit                                 cinit        000000
__Hclrtext                               clrtext      000000
__Hcomram                                comram       000000
__Hconfig                                config       30000E
__Hconst                                 const        000000
__HcstackBANK0                           cstackBANK0  000000
__HcstackBANK1                           cstackBANK1  000000
__HcstackCOMRAM                          cstackCOMRAM 000000
__Hdata                                  data         000000
__HdataBANK0                             dataBANK0    000000
__HdataBANK1                             dataBANK1    000000
__HdataCOMRAM                            dataCOMRAM   000000
__Heeprom_data                           eeprom_data  000000
__Hfarbss                                farbss       000000
__Hfardata                               fardata      000000
__Hheap                                  heap         000000
__Hibigdata                              ibigdata     000000
__Hidata                                 idata        000000
__HidataBANK0                            idataBANK0   000000
__HidataBANK1                            idataBANK1   000000
__HidataCOMRAM                           idataCOMRAM  000000
__Hidloc                                 idloc        000000
__Hifardata                              ifardata     000000
__Hinit                                  init         000012
__Hintcode                               intcode      00000E
__Hintcode_body                          intcode_body 000000
__Hintcodelo                             intcodelo    00000E
__Hintentry                              intentry     000000
__Hintret                                intret       000000
__Hintsave_regs                          intsave_regs 000000
__Hirdata                                irdata       000000
__Hmediumconst                           mediumconst  000000
__HnvFARRAM                              nvFARRAM     000000
__Hnvbit                                 nvbit        000000
__Hnvrram                                nvrram       000000
__Hparam                                 rparam       000000
__Hpowerup                               powerup      00000E
__Hram                                   ram          000000
__Hramtop                                ramtop       001000
__Hrbit                                  rbit         000000
__Hrbss                                  rbss         000000
__Hrdata                                 rdata        000000
__Hreset_vec                             reset_vec    000004
__Hrparam                                rparam       000000
__Hsfr                                   sfr          000000
__Hsmallconst                            smallconst   0010C0
__Hspace_0                               (abs)        003236
__Hspace_1                               (abs)        00013E
__Hspace_2                               (abs)        000000
__Hspace_4                               (abs)        60000E
__Hstack                                 stack        000000
__Hstruct                                struct       000000
__Htemp                                  temp         00006F
__Htext                                  text         000000
__Htext0                                 text0        000000
__Htext1                                 text1        000000
__Htext10                                text10       000000
__Htext11                                text11       000000
__Htext12                                text12       000000
__Htext13                                text13       000000
__Htext14                                text14       000000
__Htext15                                text15       000000
__Htext16                                text16       000000
__Htext17                                text17       000000
__Htext18                                text18       000000
__Htext19                                text19       000000
__Htext2                                 text2        000000
__Htext20                                text20       000000
__Htext21                                text21       000000
__Htext22                                text22       000000
__Htext23                                text23       000000
__Htext24                                text24       000000
__Htext25                                text25       000000
__Htext26                                text26       000000
__Htext27                                text27       000000
__Htext28                                text28       000000
__Htext29                                text29       000000
__Htext3                                 text3        000000
__Htext30                                text30       000000
__Htext31                                text31       000000
__Htext32                                text32       000000
__Htext33                                text33       000000
__Htext34                                text34       000000
__Htext35                                text35       000000
__Htext36                                text36       000000
__Htext38                                text38       000000
__Htext39                                text39       000000
__Htext4                                 text4        000000
__Htext40                                text40       000000
__Htext41                                text41       000000
__Htext42                                text42       000000
__Htext43                                text43       000000
__Htext44                                text44       000000
__Htext45                                text45       000000
__Htext46                                text46       000000
__Htext47                                text47       000000
__Htext48                                text48       000000
__Htext49                                text49       000000
__Htext5                                 text5        000000
__Htext50                                text50       000000
__Htext51                                text51       000000
__Htext52                                text52       000000
__Htext53                                text53       000000
__Htext54                                text54       000000
__Htext55                                text55       000000
__Htext56                                text56       000000
__Htext57                                text57       000000
__Htext58                                text58       000000
__Htext59                                text59       000000
__Htext6                                 text6        000000
__Htext60                                text60       000000
__Htext61                                text61       000000
__Htext62                                text62       000000
__Htext7                                 text7        000000
__Htext8                                 text8        000000
__Htext9                                 text9        000000
__LRAM                                   (abs)        000001
__L__absolute__                          __absolute__ 000000
__Labs1                                  abs1         000000
__Lbank0                                 bank0        000000
__Lbank1                                 bank1        000000
__Lbank10                                bank10       000000
__Lbank11                                bank11       000000
__Lbank12                                bank12       000000
__Lbank13                                bank13       000000
__Lbank14                                bank14       000000
__Lbank15                                bank15       000000
__Lbank2                                 bank2        000000
__Lbank3                                 bank3        000000
__Lbank4                                 bank4        000000
__Lbank5                                 bank5        000000
__Lbank6                                 bank6        000000
__Lbank7                                 bank7        000000
__Lbank8                                 bank8        000000
__Lbank9                                 bank9        000000
__Lbigbss                                bigbss       000000
__Lbigdata                               bigdata      000000
__Lbigram                                bigram       000000
__Lbigsfr                                bigsfr       000000
__Lbss                                   bss          000000
__LbssBANK0                              bssBANK0     000000
__LbssBANK1                              bssBANK1     000000
__LbssCOMRAM                             bssCOMRAM    000000
__Lcinit                                 cinit        000000
__Lclrtext                               clrtext      000000
__Lcomram                                comram       000000
__Lconfig                                config       000000
__Lconst                                 const        000000
__LcstackBANK0                           cstackBANK0  000000
__LcstackBANK1                           cstackBANK1  000000
__LcstackCOMRAM                          cstackCOMRAM 000000
__Ldata                                  data         000000
__LdataBANK0                             dataBANK0    000000
__LdataBANK1                             dataBANK1    000000
__LdataCOMRAM                            dataCOMRAM   000000
__Leeprom_data                           eeprom_data  000000
__Lfarbss                                farbss       000000
__Lfardata                               fardata      000000
__Lheap                                  heap         000000
__Libigdata                              ibigdata     000000
__Lidata                                 idata        000000
__LidataBANK0                            idataBANK0   000000
__LidataBANK1                            idataBANK1   000000
__LidataCOMRAM                           idataCOMRAM  000000
__Lidloc                                 idloc        000000
__Lifardata                              ifardata     000000
__Linit                                  init         00000E
__Lintcode                               intcode      000008
__Lintcode_body                          intcode_body 000000
__Lintcodelo                             intcodelo    00000E
__Lintentry                              intentry     000000
__Lintret                                intret       000000
__Lintsave_regs                          intsave_regs 000000
__Lirdata                                irdata       000000
__Lmediumconst                           mediumconst  000000
__LnvFARRAM                              nvFARRAM     000000
__Lnvbit                                 nvbit        000000
__Lnvrram                                nvrram       000000
__Lparam                                 rparam       000000
__Lpowerup                               powerup      00000E
__Lram                                   ram          000000
__Lramtop                                ramtop       001000
__Lrbit                                  rbit         000000
__Lrbss                                  rbss         000000
__Lrdata                                 rdata        000000
__Lreset_vec                             reset_vec    000000
__Lrparam                                rparam       000000
__Lsfr                                   sfr          000000
__Lsmallconst                            smallconst   001000
__Lspace_0                               (abs)        000000
__Lspace_1                               (abs)        000000
__Lspace_2                               (abs)        000000
__Lspace_4                               (abs)        000000
__Lstack                                 stack        000000
__Lstruct                                struct       000000
__Ltemp                                  temp         00006E
__Ltext                                  text         000000
__Ltext0                                 text0        000000
__Ltext1                                 text1        000000
__Ltext10                                text10       000000
__Ltext11                                text11       000000
__Ltext12                                text12       000000
__Ltext13                                text13       000000
__Ltext14                                text14       000000
__Ltext15                                text15       000000
__Ltext16                                text16       000000
__Ltext17                                text17       000000
__Ltext18                                text18       000000
__Ltext19                                text19       000000
__Ltext2                                 text2        000000
__Ltext20                                text20       000000
__Ltext21                                text21       000000
__Ltext22                                text22       000000
__Ltext23                                text23       000000
__Ltext24                                text24       000000
__Ltext25                                text25       000000
__Ltext26                                text26       000000
__Ltext27                                text27       000000
__Ltext28                                text28       000000
__Ltext29                                text29       000000
__Ltext3                                 text3        000000
__Ltext30                                text30       000000
__Ltext31                                text31       000000
__Ltext32                                text32       000000
__Ltext33                                text33       000000
__Ltext34                                text34       000000
__Ltext35                                text35       000000
__Ltext36                                text36       000000
__Ltext38                                text38       000000
__Ltext39                                text39       000000
__Ltext4                                 text4        000000
__Ltext40                                text40       000000
__Ltext41                                text41       000000
__Ltext42                                text42       000000
__Ltext43                                text43       000000
__Ltext44                                text44       000000
__Ltext45                                text45       000000
__Ltext46                                text46       000000
__Ltext47                                text47       000000
__Ltext48                                text48       000000
__Ltext49                                text49       000000
__Ltext5                                 text5        000000
__Ltext50                                text50       000000
__Ltext51                                text51       000000
__Ltext52                                text52       000000
__Ltext53                                text53       000000
__Ltext54                                text54       000000
__Ltext55                                text55       000000
__Ltext56                                text56       000000
__Ltext57                                text57       000000
__Ltext58                                text58       000000
__Ltext59                                text59       000000
__Ltext6                                 text6        000000
__Ltext60                                text60       000000
__Ltext61                                text61       000000
__Ltext62                                text62       000000
__Ltext7                                 text7        000000
__Ltext8                                 text8        000000
__Ltext9                                 text9        000000
__S0                                     (abs)        003236
__S1                                     (abs)        00013E
__S4                                     (abs)        000000
__S5                                     (abs)        000000
___awdiv                                 text34       0020FC
___awdiv@counter                         cstackCOMRAM 000016
___awdiv@dividend                        cstackCOMRAM 000012
___awdiv@divisor                         cstackCOMRAM 000014
___awdiv@quotient                        cstackCOMRAM 000018
___awdiv@sign                            cstackCOMRAM 000017
___awmod                                 text33       00232A
___awmod@counter                         cstackCOMRAM 000016
___awmod@dividend                        cstackCOMRAM 000012
___awmod@divisor                         cstackCOMRAM 000014
___awmod@sign                            cstackCOMRAM 000017
___heap_hi                               (abs)        000000
___heap_lo                               (abs)        000000
___inthi_sp                              stack        000000
___inthi_stack_hi                        stack        000000
___inthi_stack_lo                        stack        000000
___intlo_sp                              stack        000000
___intlo_stack_hi                        stack        000000
___intlo_stack_lo                        stack        000000
___param_bank                            (abs)        000000
___rparam_used                           (abs)        000001
___sp                                    stack        000000
___stack_hi                              stack        000000
___stack_lo                              stack        000000
___wmul                                  text36       0031AE
___wmul@multiplicand                     cstackCOMRAM 000014
___wmul@multiplier                       cstackCOMRAM 000012
___wmul@product                          cstackCOMRAM 000016
__accesstop                              (abs)        000080
__activetblptr                           (abs)        000003
__end_of_ADC_ISR                         text61       003228
__end_of_INT0_APP_ISR                    text57       003236
__end_of_INT0_ISR                        text55       003184
__end_of_INT1_APP_ISR                    text56       003234
__end_of_INT1_ISR                        text54       003156
__end_of_INT2_APP_ISR                    text58       003224
__end_of_INT2_ISR                        text53       003128
__end_of_INTERRUPT_MANGER_               intcode_body 001A0A
__end_of_RB4_HIGH_Int_APP_ISR            text48       003232
__end_of_RB4_ISR                         text41       0028A8
__end_of_RB4_LOW_Int_APP_ISR             text44       00322E
__end_of_RB5_HIGH_Int_APP_ISR            text47       003230
__end_of_RB5_ISR                         text40       00282A
__end_of_RB5_LOW_Int_APP_ISR             text43       00322C
__end_of_RB6_HIGH_Int_APP_ISR            text46       003210
__end_of_RB6_ISR                         text39       0027AC
__end_of_RB6_LOW_Int_APP_ISR             text42       0031FC
__end_of_RB7_HIGH_Int_APP_ISR            text49       00321A
__end_of_RB7_ISR                         text38       00272E
__end_of_RB7_LOW_Int_APP_ISR             text45       003206
__end_of___awdiv                         text34       0021C0
__end_of___awmod                         text33       0023DA
__end_of___wmul                          text36       0031D4
__end_of__initialization                 cinit        002598
__end_of_abs                             text32       0030CA
__end_of_btn_values                      smallconst   001011
__end_of_convert_byte_to_string          text26       002E60
__end_of_convert_short_to_string         text25       002EB0
__end_of_dc_motor_intialize              text17       003062
__end_of_dc_motor_move_left              text23       00302E
__end_of_dc_motor_move_right             text22       002FF2
__end_of_dc_motor_move_toggle            text20       003096
__end_of_dc_motor_stop                   text19       002FB6
__end_of_ecu_layer_initialize            text9        0031AE
__end_of_fputc                           text30       00227A
__end_of_gpio_pin_direction_intialize    text18       001D14
__end_of_gpio_pin_intialize              text16       002A74
__end_of_gpio_pin_read_logic             text8        00247E
__end_of_gpio_pin_toogle_logic           text21       00262E
__end_of_gpio_pin_write_logic            text24       001E24
__end_of_keypad_get_value                text7        002016
__end_of_keypad_intialize                text15       002C90
__end_of_lcd_4_intialize                 text11       0020FC
__end_of_lcd_4_send_char_data            text6        002DB0
__end_of_lcd_4_send_command              text12       002E0C
__end_of_lcd_4_send_string_position      text4        002514
__end_of_lcd_4bit_send_enable_signale    text14       002F7A
__end_of_lcd_4bit_set_cursor             text5        00232A
__end_of_lcd_send_4bit                   text13       002A02
__end_of_led_initialize                  text10       002B54
__end_of_led_turn_off                    text3        002990
__end_of_led_turn_on                     text2        00291C
__end_of_led_turn_toggle                 text59       002CF6
__end_of_main                            text0        001734
__end_of_memset                          text35       0030FA
__end_of_putch                           text31       00322A
__end_of_sprintf                         text27       002F3C
__end_of_strcmp                          text1        002D54
__end_of_vfpfcnvrt                       text29       001BEE
__end_of_vfprintf                        text28       002EF8
__end_ofi2_gpio_pin_toogle_logic         text60       0026B0
__end_ofi2_gpio_pin_write_logic          text52       001F2A
__end_ofi2_led_turn_off                  text50       002BBE
__end_ofi2_led_turn_on                   text51       002C28
__initialization                         cinit        002514
__mediumconst                            mediumconst  000000
__pbssBANK0                              bssBANK0     0000F1
__pbssBANK1                              bssBANK1     000100
__pbssCOMRAM                             bssCOMRAM    000031
__pcinit                                 cinit        002514
__pcstackBANK0                           cstackBANK0  0000FD
__pcstackBANK1                           cstackBANK1  000120
__pcstackCOMRAM                          cstackCOMRAM 000001
__pdataBANK0                             dataBANK0    000080
__pdataBANK1                             dataBANK1    000134
__pdataCOMRAM                            dataCOMRAM   00005A
__pidataBANK0                            idataBANK0   002A74
__pidataBANK1                            idataBANK1   0031E8
__pidataCOMRAM                           idataCOMRAM  0031D4
__pintcode                               intcode      000008
__pintcode_body                          intcode_body 001734
__psmallconst                            smallconst   001000
__ptext0                                 text0        0010C0
__ptext1                                 text1        002CF6
__ptext10                                text10       002AE6
__ptext11                                text11       002016
__ptext12                                text12       002DB0
__ptext13                                text13       002990
__ptext14                                text14       002F3C
__ptext15                                text15       002C28
__ptext16                                text16       002A02
__ptext17                                text17       00302E
__ptext18                                text18       001BEE
__ptext19                                text19       002F7A
__ptext2                                 text2        0028A8
__ptext20                                text20       003062
__ptext21                                text21       0025A2
__ptext22                                text22       002FB6
__ptext23                                text23       002FF2
__ptext24                                text24       001D14
__ptext25                                text25       002E60
__ptext26                                text26       002E0C
__ptext27                                text27       002EF8
__ptext28                                text28       002EB0
__ptext29                                text29       001A0A
__ptext3                                 text3        00291C
__ptext30                                text30       0021C0
__ptext31                                text31       003228
__ptext32                                text32       003096
__ptext33                                text33       00232A
__ptext34                                text34       0020FC
__ptext35                                text35       0030CA
__ptext36                                text36       0031AE
__ptext38                                text38       0026B0
__ptext39                                text39       00272E
__ptext4                                 text4        00247E
__ptext40                                text40       0027AC
__ptext41                                text41       00282A
__ptext42                                text42       0031F2
__ptext43                                text43       00322A
__ptext44                                text44       00322C
__ptext45                                text45       0031FC
__ptext46                                text46       003206
__ptext47                                text47       00322E
__ptext48                                text48       003230
__ptext49                                text49       003210
__ptext5                                 text5        00227A
__ptext50                                text50       002B54
__ptext51                                text51       002BBE
__ptext52                                text52       001E24
__ptext53                                text53       0030FA
__ptext54                                text54       003128
__ptext55                                text55       003156
__ptext56                                text56       003232
__ptext57                                text57       003234
__ptext58                                text58       00321A
__ptext59                                text59       002C90
__ptext6                                 text6        002D54
__ptext60                                text60       00262E
__ptext61                                text61       003224
__ptext62                                text62       000000
__ptext7                                 text7        001F2A
__ptext8                                 text8        0023DA
__ptext9                                 text9        003184
__ramtop                                 ramtop       001000
__smallconst                             smallconst   001000
_abs                                     text32       003096
_adc_1                                   dataBANK0    0000AE
_adc_2                                   dataBANK0    0000A6
_adc_3                                   dataBANK0    00009E
_btn_values                              smallconst   001001
_buuton_1                                dataBANK0    0000E0
_convert_byte_to_string                  text26       002E0C
_convert_short_to_string                 text25       002E60
_counter_pass                            dataCOMRAM   00005C
_counter_value                           bssCOMRAM    000050
_dbuf                                    bssBANK1     000100
_dc_motor_intialize                      text17       00302E
_dc_motor_move_left                      text23       002FF2
_dc_motor_move_right                     text22       002FB6
_dc_motor_move_toggle                    text20       003062
_dc_motor_stop                           text19       002F7A
_ecu_layer_initialize                    text9        003184
_flag                                    dataCOMRAM   00005B
_flags                                   bssCOMRAM    00004F
_forsa                                   dataCOMRAM   00005A
_fputc                                   text30       0021C0
_gpio_pin_direction_intialize            text18       001BEE
_gpio_pin_intialize                      text16       002A02
_gpio_pin_read_logic                     text8        0023DA
_gpio_pin_toogle_logic                   text21       0025A2
_gpio_pin_write_logic                    text24       001D14
_int0_obj                                dataBANK0    0000DA
_int1_obj                                dataBANK0    0000D4
_int2_obj                                dataBANK0    0000CE
_keypad_get_value                        text7        001F2A
_keypad_intialize                        text15       002C28
_lat_register                            dataBANK0    00008A
_lcd_1                                   dataCOMRAM   000062
_lcd_2                                   dataBANK1    000134
_lcd_4_intialize                         text11       002016
_lcd_4_send_char_data                    text6        002D54
_lcd_4_send_command                      text12       002DB0
_lcd_4_send_string_position              text4        00247E
_lcd_4bit_send_enable_signale            text14       002F3C
_lcd_4bit_set_cursor                     text5        00227A
_lcd_send_4bit                           text13       002990
_led2                                    dataCOMRAM   00006B
_led3                                    dataCOMRAM   00006A
_led_green                               dataCOMRAM   00006C
_led_initialize                          text10       002AE6
_led_red                                 dataCOMRAM   00006D
_led_turn_off                            text3        00291C
_led_turn_on                             text2        0028A8
_led_turn_toggle                         text59       002C90
_main                                    text0        0010C0
_memset                                  text35       0030CA
_motor_1                                 dataCOMRAM   000068
_pass                                    dataBANK0    0000EB
_port_register                           dataBANK0    000080
_prec                                    bssCOMRAM    000033
_putch                                   text31       003228
_rb4_int_obj                             dataBANK0    0000C8
_rb5_int_obj                             dataBANK0    0000C2
_rb6_int_obj                             dataBANK0    0000BC
_rb7_int_obj                             dataBANK0    0000B6
_result                                  bssCOMRAM    000035
_result_txt                              bssBANK0     0000F7
_ret                                     dataCOMRAM   00005D
_sprintf                                 text27       002EF8
_strcmp                                  text1        002CF6
_tris_register                           dataBANK0    000094
_value                                   bssCOMRAM    000059
_vfpfcnvrt                               text29       001A0A
_vfprintf                                text28       002EB0
_width                                   bssCOMRAM    000031
abs@a                                    cstackCOMRAM 000018
btemp                                    temp         00006E
convert_byte_to_string@ret               cstackBANK0  0000FE
convert_byte_to_string@str               cstackCOMRAM 000030
convert_byte_to_string@value             cstackBANK0  0000FD
convert_short_to_string@ret              cstackCOMRAM 000030
convert_short_to_string@str              cstackBANK0  0000FF
convert_short_to_string@value            cstackBANK0  0000FD
dc_motor_intialize@_dc_motor             cstackCOMRAM 000019
dc_motor_intialize@ret                   cstackCOMRAM 00001A
dc_motor_move_left@_dc_motor             cstackCOMRAM 00001A
dc_motor_move_left@ret                   cstackCOMRAM 00001B
dc_motor_move_right@_dc_motor            cstackCOMRAM 00001A
dc_motor_move_right@ret                  cstackCOMRAM 00001B
dc_motor_move_toggle@_dc_motor           cstackCOMRAM 000018
dc_motor_move_toggle@ret                 cstackCOMRAM 000019
dc_motor_stop@_dc_motor                  cstackCOMRAM 00001A
dc_motor_stop@ret                        cstackCOMRAM 00001B
end_of_initialization                    cinit        002598
fputc@c                                  cstackCOMRAM 000012
fputc@fp                                 cstackCOMRAM 000014
gpio_pin_direction_intialize@_pin_config cstackCOMRAM 000012
gpio_pin_direction_intialize@ret         cstackCOMRAM 000018
gpio_pin_intialize@_pin_config           cstackCOMRAM 00001A
gpio_pin_intialize@ret                   cstackCOMRAM 00001C
gpio_pin_read_logic@_pin_config          cstackCOMRAM 000012
gpio_pin_read_logic@logic                cstackCOMRAM 000013
gpio_pin_read_logic@ret                  cstackCOMRAM 000018
gpio_pin_toogle_logic@_pin_config        cstackCOMRAM 000012
gpio_pin_toogle_logic@ret                cstackCOMRAM 000017
gpio_pin_write_logic@_pin_config         cstackCOMRAM 000012
gpio_pin_write_logic@logic               cstackCOMRAM 000013
gpio_pin_write_logic@ret                 cstackCOMRAM 000019
i2_gpio_pin_toogle_logic                 text60       00262E
i2_gpio_pin_write_logic                  text52       001E24
i2_led_turn_off                          text50       002B54
i2_led_turn_on                           text51       002BBE
i2gpio_pin_toogle_logic@_pin_config      cstackCOMRAM 000001
i2gpio_pin_write_logic@_pin_config       cstackCOMRAM 000001
i2gpio_pin_write_logic@logic             cstackCOMRAM 000002
i2led_turn_off@led                       cstackCOMRAM 000008
i2led_turn_off@pin_obj                   cstackCOMRAM 00000A
i2led_turn_on@led                        cstackCOMRAM 000008
i2led_turn_on@pin_obj                    cstackCOMRAM 00000A
int$flags                                temp         00006E
int_func                                 intcode_body 001734
intlevel0                                text         000000
intlevel1                                text         000000
intlevel2                                text         000000
intlevel3                                text         000000
isa$std                                  (abs)        000001
isa$xinst                                (abs)        000000
keypad_get_value@_keypad_obj             cstackCOMRAM 00001A
keypad_get_value@cloumn_logic            cstackCOMRAM 00001E
keypad_get_value@columns_counter         cstackCOMRAM 000021
keypad_get_value@counter                 cstackCOMRAM 00001F
keypad_get_value@ret                     cstackCOMRAM 00001D
keypad_get_value@rows_counter            cstackCOMRAM 000020
keypad_get_value@value                   cstackCOMRAM 00001B
keypad_intialize@_keypad_obj             cstackCOMRAM 00001D
keypad_intialize@columns_counter         cstackCOMRAM 000020
keypad_intialize@ret                     cstackCOMRAM 00001E
keypad_intialize@rows_counter            cstackCOMRAM 00001F
lcd_4_intialize@l_pins                   cstackCOMRAM 000022
lcd_4_intialize@lcd                      cstackCOMRAM 000020
lcd_4_intialize@ret                      cstackCOMRAM 000023
lcd_4_send_char_data@data                cstackCOMRAM 00001E
lcd_4_send_char_data@lcd                 cstackCOMRAM 00001D
lcd_4_send_char_data@ret                 cstackCOMRAM 00001F
lcd_4_send_command@command               cstackCOMRAM 00001E
lcd_4_send_command@lcd                   cstackCOMRAM 00001D
lcd_4_send_command@ret                   cstackCOMRAM 00001F
lcd_4_send_string_position@column        cstackCOMRAM 000028
lcd_4_send_string_position@lcd           cstackCOMRAM 000026
lcd_4_send_string_position@ret           cstackCOMRAM 00002B
lcd_4_send_string_position@row           cstackCOMRAM 000027
lcd_4_send_string_position@str           cstackCOMRAM 000029
lcd_4bit_send_enable_signale@lcd         cstackCOMRAM 00001A
lcd_4bit_send_enable_signale@ret         cstackCOMRAM 00001B
lcd_4bit_set_cursor@column               cstackCOMRAM 000022
lcd_4bit_set_cursor@lcd                  cstackCOMRAM 000020
lcd_4bit_set_cursor@ret                  cstackCOMRAM 000025
lcd_4bit_set_cursor@row                  cstackCOMRAM 000021
lcd_send_4bit@command                    cstackCOMRAM 00001B
lcd_send_4bit@lcd                        cstackCOMRAM 00001A
lcd_send_4bit@ret                        cstackCOMRAM 00001C
led_initialize@F3479                     bssCOMRAM    000058
led_initialize@led                       cstackCOMRAM 000019
led_initialize@pin_obj                   cstackCOMRAM 00001C
led_initialize@ret                       cstackCOMRAM 00001B
led_turn_off@F3489                       bssCOMRAM    000056
led_turn_off@led                         cstackCOMRAM 00001A
led_turn_off@pin_obj                     cstackCOMRAM 00001D
led_turn_off@ret                         cstackCOMRAM 00001C
led_turn_on@F3484                        bssCOMRAM    000057
led_turn_on@led                          cstackCOMRAM 00001A
led_turn_on@pin_obj                      cstackCOMRAM 00001D
led_turn_on@ret                          cstackCOMRAM 00001C
led_turn_toggle@F3494                    bssCOMRAM    000055
led_turn_toggle@led                      cstackCOMRAM 000006
led_turn_toggle@pin_obj                  cstackCOMRAM 000008
memset@c                                 cstackCOMRAM 000013
memset@dest                              cstackCOMRAM 000012
memset@n                                 cstackCOMRAM 000015
memset@p                                 cstackCOMRAM 000017
relay_intialize@F3479                    bssCOMRAM    000054
relay_turn_off@F3489                     bssCOMRAM    000052
relay_turn_on@F3484                      bssCOMRAM    000053
relay_turn_toggle@F3494                  bssCOMRAM    000051
sprintf@ap                               cstackBANK1  000124
sprintf@f                                cstackBANK1  000126
sprintf@fmt                              cstackBANK1  000121
sprintf@s                                cstackBANK1  000120
stackhi                                  (abs)        000000
stacklo                                  (abs)        000000
start                                    init         00000E
start_initialization                     cinit        002514
strcmp@l                                 cstackCOMRAM 000012
strcmp@r                                 cstackCOMRAM 000013
ttemp5                                   temp         00006F
ttemp6                                   temp         000072
ttemp7                                   temp         000076
vfpfcnvrt@ap                             cstackCOMRAM 00001F
vfpfcnvrt@c                              cstackCOMRAM 000029
vfpfcnvrt@convarg                        cstackCOMRAM 000025
vfpfcnvrt@cp                             cstackCOMRAM 000024
vfpfcnvrt@done                           cstackCOMRAM 000023
vfpfcnvrt@fmt                            cstackCOMRAM 00001E
vfpfcnvrt@fp                             cstackCOMRAM 00001C
vfprintf@ap                              cstackCOMRAM 00002D
vfprintf@cfmt                            cstackCOMRAM 00002F
vfprintf@fmt                             cstackCOMRAM 00002C
vfprintf@fp                              cstackCOMRAM 00002A
wtemp8                                   temp         00006F


MODULE INFORMATION

Module		Function		Class		Link	Load	Size
C:\Program Files\Microchip\xc8\v2.45\pic\sources\c99\common\Umul16.c
		___wmul        		CODE           	31AE	0000	38

C:\Program Files\Microchip\xc8\v2.45\pic\sources\c99\common\Umul16.c estimated size: 38

MCAL_Layer/Interrupts/mcal_interrupt_manger.c
		_INTERRUPT_MANGER_		CODE           	0008	0000	732

MCAL_Layer/Interrupts/mcal_interrupt_manger.c estimated size: 732

ECU_Layer/Chr_LCD/ecu_chr_lcd.c
		_convert_short_to_string		CODE           	2E60	0000	80
		_lcd_4_send_char_data		CODE           	2D54	0000	92
		_lcd_send_4bit 		CODE           	2990	0000	114
		_lcd_4_intialize		CODE           	2016	0000	230
		_lcd_4bit_set_cursor		CODE           	227A	0000	176
		_lcd_4bit_send_enable_signale		CODE           	2F3C	0000	62
		_convert_byte_to_string		CODE           	2E0C	0000	84
		_lcd_4_send_string_position		CODE           	247E	0000	150
		_lcd_4_send_command		CODE           	2DB0	0000	92

ECU_Layer/Chr_LCD/ecu_chr_lcd.c estimated size: 1080

ECU_Layer/DC_MOTOR/ecu_dc_motor.c
		_dc_motor_stop 		CODE           	2F7A	0000	60
		_dc_motor_move_right		CODE           	2FB6	0000	60
		_dc_motor_intialize		CODE           	302E	0000	52
		_dc_motor_move_left		CODE           	2FF2	0000	60
		_dc_motor_move_toggle		CODE           	3062	0000	52

ECU_Layer/DC_MOTOR/ecu_dc_motor.c estimated size: 284

C:\Program Files\Microchip\xc8\v2.45\pic\sources\c99\common\nf_sprintf.c
		_sprintf       		CODE           	2EF8	0000	68

C:\Program Files\Microchip\xc8\v2.45\pic\sources\c99\common\nf_sprintf.c estimated size: 68

ECU_Layer/KeyPad/ecu_Keypad.c
		_keypad_get_value		CODE           	1F2A	0000	236
		_keypad_intialize		CODE           	2C28	0000	104

ECU_Layer/KeyPad/ecu_Keypad.c estimated size: 340

C:\Program Files\Microchip\xc8\v2.45\pic\sources\c99\common\awmod.c
		___awmod       		CODE           	232A	0000	176

C:\Program Files\Microchip\xc8\v2.45\pic\sources\c99\common\awmod.c estimated size: 176

C:\Program Files\Microchip\xc8\v2.45\pic\sources\c99\common\putch.c
		_putch         		CODE           	3228	0000	2

C:\Program Files\Microchip\xc8\v2.45\pic\sources\c99\common\putch.c estimated size: 2

shared
		_btn_values    		SMALLCONST     	1001	0000	16
		__initialization		CODE           	2514	0000	132
		i2_gpio_pin_write_logic		CODE           	1E24	0000	262
		i2_gpio_pin_toogle_logic		CODE           	262E	0000	130
		i2_led_turn_on 		CODE           	2BBE	0000	106
		i2_led_turn_off		CODE           	2B54	0000	106

shared estimated size: 752

C:\Program Files\Microchip\xc8\v2.45\pic\sources\c99\common\abs.c
		_abs           		CODE           	3096	0000	52

C:\Program Files\Microchip\xc8\v2.45\pic\sources\c99\common\abs.c estimated size: 52

MCAL_Layer/ADC/hal_adc.c
		_ADC_ISR       		CODE           	3224	0000	4

MCAL_Layer/ADC/hal_adc.c estimated size: 4

MCAL_Layer/GPIO/hal_gpio.c
		_gpio_pin_write_logic		CODE           	1D14	0000	272
		_gpio_pin_intialize		CODE           	2A02	0000	114
		_gpio_pin_read_logic		CODE           	23DA	0000	164
		_gpio_pin_direction_intialize		CODE           	1BEE	0000	294
		_gpio_pin_toogle_logic		CODE           	25A2	0000	140

MCAL_Layer/GPIO/hal_gpio.c estimated size: 984

ECU_Layer/LED/ecu_led.c
		_led_turn_toggle		CODE           	2C90	0000	102
		_led_initialize		CODE           	2AE6	0000	110
		_led_turn_on   		CODE           	28A8	0000	116
		_led_turn_off  		CODE           	291C	0000	116

ECU_Layer/LED/ecu_led.c estimated size: 444

C:\Program Files\Microchip\xc8\v2.45\pic\sources\c99\common\strcmp.c
		_strcmp        		CODE           	2CF6	0000	94

C:\Program Files\Microchip\xc8\v2.45\pic\sources\c99\common\strcmp.c estimated size: 94

MCAL_Layer/Interrupts/mcal_external_interrupt.c
		_RB4_ISR       		CODE           	282A	0000	126
		_RB5_ISR       		CODE           	27AC	0000	126
		_RB6_ISR       		CODE           	272E	0000	126
		_RB7_ISR       		CODE           	26B0	0000	126
		_INT0_ISR      		CODE           	3156	0000	46
		_INT1_ISR      		CODE           	3128	0000	46
		_INT2_ISR      		CODE           	30FA	0000	46

MCAL_Layer/Interrupts/mcal_external_interrupt.c estimated size: 642

C:\Program Files\Microchip\xc8\v2.45\pic\sources\c99\common\memset.c
		_memset        		CODE           	30CA	0000	48

C:\Program Files\Microchip\xc8\v2.45\pic\sources\c99\common\memset.c estimated size: 48

ECU_Layer/ecu_layer_initialize.c
		_RB7_LOW_Int_APP_ISR		CODE           	31FC	0000	10
		_INT0_APP_ISR  		CODE           	3234	0000	2
		_ecu_layer_initialize		CODE           	3184	0000	42
		_INT1_APP_ISR  		CODE           	3232	0000	2
		_RB4_HIGH_Int_APP_ISR		CODE           	3230	0000	2
		_INT2_APP_ISR  		CODE           	321A	0000	10
		_RB5_HIGH_Int_APP_ISR		CODE           	322E	0000	2
		_RB6_HIGH_Int_APP_ISR		CODE           	3206	0000	10
		_RB7_HIGH_Int_APP_ISR		CODE           	3210	0000	10
		_RB4_LOW_Int_APP_ISR		CODE           	322C	0000	2
		_RB5_LOW_Int_APP_ISR		CODE           	322A	0000	2
		_RB6_LOW_Int_APP_ISR		CODE           	31F2	0000	10

ECU_Layer/ecu_layer_initialize.c estimated size: 104

application.c
		_main          		CODE           	10C0	0000	1652

application.c estimated size: 1652

C:\Program Files\Microchip\xc8\v2.45\pic\sources\c99\common\nf_fputc.c
		_fputc         		CODE           	21C0	0000	186

C:\Program Files\Microchip\xc8\v2.45\pic\sources\c99\common\nf_fputc.c estimated size: 186

C:\Program Files\Microchip\xc8\v2.45\pic\sources\c99\common\doprnt.c
		_vfpfcnvrt     		CODE           	1A0A	0000	484
		_vfprintf      		CODE           	2EB0	0000	72

C:\Program Files\Microchip\xc8\v2.45\pic\sources\c99\common\doprnt.c estimated size: 556

C:\Program Files\Microchip\xc8\v2.45\pic\sources\c99\common\awdiv.c
		___awdiv       		CODE           	20FC	0000	196

C:\Program Files\Microchip\xc8\v2.45\pic\sources\c99\common\awdiv.c estimated size: 196

